1. JOB STARTED
2. IN DIRECTORY: /home/klarochelle_uri_edu/DaST
3. PYTHON PATH:
/home/klarochelle_uri_edu/DaST/dast-env/bin/python
4. CHECKING GPU
Thu Apr 23 21:37:21 2026       
+-----------------------------------------------------------------------------------------+
| NVIDIA-SMI 580.126.09             Driver Version: 580.126.09     CUDA Version: 13.0     |
+-----------------------------------------+------------------------+----------------------+
| GPU  Name                 Persistence-M | Bus-Id          Disp.A | Volatile Uncorr. ECC |
| Fan  Temp   Perf          Pwr:Usage/Cap |           Memory-Usage | GPU-Util  Compute M. |
|                                         |                        |               MIG M. |
|=========================================+========================+======================|
|   0  NVIDIA A16                     On  |   00000000:08:00.0 Off |                    0 |
|  0%   32C    P8             16W /   62W |       0MiB /  15356MiB |      0%      Default |
|                                         |                        |                  N/A |
+-----------------------------------------+------------------------+----------------------+

+-----------------------------------------------------------------------------------------+
| Processes:                                                                              |
|  GPU   GI   CI              PID   Type   Process name                        GPU Memory |
|        ID   ID                                                               Usage      |
|=========================================================================================|
|  No running processes found                                                             |
+-----------------------------------------------------------------------------------------+
5. STARTING PYTHON
CUDA available: True
GPU: NVIDIA A16
Namespace(workers=1, batchSize=500, dataset='mnist', niter=100, lr=0.0001, beta1=0.5, cuda=True, manualSeed=None, alpha=0.2, beta=0.1, G_type=1, save_folder='saved_model')
Accuracy of the network on netD: 99.75 %
Attack success rate: 0.45 %
[0/100][0/1000] D: 2.3015 D_prob: 0.0005 G: 0.5613 D(G(z)): 2.3015 / 0.5613 loss_imitate: 0.1005 loss_diversity: 2.3037
[0/100][40/1000] D: 1.2309 D_prob: 0.0057 G: 0.8393 D(G(z)): 1.2309 / 0.8393 loss_imitate: 0.3235 loss_diversity: 2.5793
[0/100][80/1000] D: 0.5372 D_prob: 0.0492 G: 1.7217 D(G(z)): 0.5372 / 1.7217 loss_imitate: 0.5846 loss_diversity: 5.6855
[0/100][120/1000] D: 0.5340 D_prob: 0.0487 G: 1.9035 D(G(z)): 0.5340 / 1.9035 loss_imitate: 0.5863 loss_diversity: 6.5861
[0/100][160/1000] D: 1.1696 D_prob: 0.0181 G: 1.1337 D(G(z)): 1.1696 / 1.1337 loss_imitate: 0.3147 loss_diversity: 4.0950
[0/100][200/1000] D: 1.2867 D_prob: 0.0230 G: 1.1490 D(G(z)): 1.2867 / 1.1490 loss_imitate: 0.2870 loss_diversity: 4.3101
[0/100][240/1000] D: 1.0018 D_prob: 0.0330 G: 1.2649 D(G(z)): 1.0018 / 1.2649 loss_imitate: 0.3675 loss_diversity: 4.4874
[0/100][280/1000] D: 1.2646 D_prob: 0.0231 G: 1.2250 D(G(z)): 1.2646 / 1.2250 loss_imitate: 0.2892 loss_diversity: 4.6792
[0/100][320/1000] D: 0.6598 D_prob: 0.0379 G: 1.9468 D(G(z)): 0.6598 / 1.9468 loss_imitate: 0.5186 loss_diversity: 7.1406
[0/100][360/1000] D: 0.9753 D_prob: 0.0292 G: 1.3503 D(G(z)): 0.9753 / 1.3503 loss_imitate: 0.3853 loss_diversity: 4.8249
[0/100][400/1000] D: 0.4931 D_prob: 0.0385 G: 1.4756 D(G(z)): 0.4931 / 1.4756 loss_imitate: 0.6310 loss_diversity: 4.2229
[0/100][440/1000] D: 1.8234 D_prob: 0.0173 G: 0.7714 D(G(z)): 1.8234 / 0.7714 loss_imitate: 0.1661 loss_diversity: 3.0265
[0/100][480/1000] D: 1.2074 D_prob: 0.0222 G: 1.0501 D(G(z)): 1.2074 / 1.0501 loss_imitate: 0.3010 loss_diversity: 3.7453
[0/100][520/1000] D: 1.3877 D_prob: 0.0173 G: 1.0681 D(G(z)): 1.3877 / 1.0681 loss_imitate: 0.2541 loss_diversity: 4.0698
[0/100][560/1000] D: 1.2209 D_prob: 0.0192 G: 1.2913 D(G(z)): 1.2209 / 1.2913 loss_imitate: 0.3012 loss_diversity: 4.9507
[0/100][600/1000] D: 1.7917 D_prob: 0.0110 G: 0.9411 D(G(z)): 1.7917 / 0.9411 loss_imitate: 0.1727 loss_diversity: 3.8416
[0/100][640/1000] D: 1.3803 D_prob: 0.0126 G: 1.0718 D(G(z)): 1.3803 / 1.0718 loss_imitate: 0.2526 loss_diversity: 4.0964
[0/100][680/1000] D: 1.4500 D_prob: 0.0113 G: 1.1189 D(G(z)): 1.4500 / 1.1189 loss_imitate: 0.2369 loss_diversity: 4.4097
[0/100][720/1000] D: 1.5517 D_prob: 0.0111 G: 0.9610 D(G(z)): 1.5517 / 0.9610 loss_imitate: 0.2139 loss_diversity: 3.7355
[0/100][760/1000] D: 1.5346 D_prob: 0.0114 G: 0.9305 D(G(z)): 1.5346 / 0.9305 loss_imitate: 0.2159 loss_diversity: 3.5726
[0/100][800/1000] D: 1.7953 D_prob: 0.0089 G: 0.8532 D(G(z)): 1.7953 / 0.8532 loss_imitate: 0.1686 loss_diversity: 3.4229
[0/100][840/1000] D: 1.6615 D_prob: 0.0093 G: 1.0210 D(G(z)): 1.6615 / 1.0210 loss_imitate: 0.1950 loss_diversity: 4.1300
[0/100][880/1000] D: 1.5080 D_prob: 0.0103 G: 1.0824 D(G(z)): 1.5080 / 1.0824 loss_imitate: 0.2220 loss_diversity: 4.3020
[0/100][920/1000] D: 1.4767 D_prob: 0.0134 G: 1.1569 D(G(z)): 1.4767 / 1.1569 loss_imitate: 0.2289 loss_diversity: 4.6399
[0/100][960/1000] D: 1.4308 D_prob: 0.0095 G: 1.1650 D(G(z)): 1.4308 / 1.1650 loss_imitate: 0.2413 loss_diversity: 4.6185
Attack success rate: 0.50 %
This is the best model
Accuracy of the network on netD: 10.45 %
This is the best model
[1/100][0/1000] D: 1.5014 D_prob: 0.0093 G: 1.1516 D(G(z)): 1.5014 / 1.1516 loss_imitate: 0.2237 loss_diversity: 4.6395
[1/100][40/1000] D: 1.5001 D_prob: 0.0088 G: 1.1417 D(G(z)): 1.5001 / 1.1417 loss_imitate: 0.2239 loss_diversity: 4.5895
[1/100][80/1000] D: 1.5875 D_prob: 0.0061 G: 1.1512 D(G(z)): 1.5875 / 1.1512 loss_imitate: 0.2057 loss_diversity: 4.7277
[1/100][120/1000] D: 1.5161 D_prob: 0.0069 G: 1.2556 D(G(z)): 1.5161 / 1.2556 loss_imitate: 0.2212 loss_diversity: 5.1718
[1/100][160/1000] D: 1.6585 D_prob: 0.0058 G: 0.8795 D(G(z)): 1.6585 / 0.8795 loss_imitate: 0.1927 loss_diversity: 3.4338
[1/100][200/1000] D: 1.6311 D_prob: 0.0065 G: 1.1409 D(G(z)): 1.6311 / 1.1409 loss_imitate: 0.1993 loss_diversity: 4.7080
[1/100][240/1000] D: 1.5536 D_prob: 0.0067 G: 1.1690 D(G(z)): 1.5536 / 1.1690 loss_imitate: 0.2191 loss_diversity: 4.7493
[1/100][280/1000] D: 1.3145 D_prob: 0.0111 G: 1.0806 D(G(z)): 1.3145 / 1.0806 loss_imitate: 0.2726 loss_diversity: 4.0397
[1/100][320/1000] D: 1.2644 D_prob: 0.0136 G: 1.0584 D(G(z)): 1.2644 / 1.0584 loss_imitate: 0.2861 loss_diversity: 3.8618
[1/100][360/1000] D: 1.1178 D_prob: 0.0209 G: 1.2216 D(G(z)): 1.1178 / 1.2216 loss_imitate: 0.3351 loss_diversity: 4.4322
[1/100][400/1000] D: 1.4347 D_prob: 0.0147 G: 1.1237 D(G(z)): 1.4347 / 1.1237 loss_imitate: 0.2416 loss_diversity: 4.4108
[1/100][440/1000] D: 1.6477 D_prob: 0.0132 G: 0.9326 D(G(z)): 1.6477 / 0.9326 loss_imitate: 0.1957 loss_diversity: 3.6847
[1/100][480/1000] D: 1.0637 D_prob: 0.0206 G: 1.1522 D(G(z)): 1.0637 / 1.1522 loss_imitate: 0.3532 loss_diversity: 3.9946
[1/100][520/1000] D: 1.0176 D_prob: 0.0300 G: 1.3573 D(G(z)): 1.0176 / 1.3573 loss_imitate: 0.3630 loss_diversity: 4.9717
[1/100][560/1000] D: 1.1012 D_prob: 0.0221 G: 1.4233 D(G(z)): 1.1012 / 1.4233 loss_imitate: 0.3418 loss_diversity: 5.4076
[1/100][600/1000] D: 1.0587 D_prob: 0.0229 G: 1.4941 D(G(z)): 1.0587 / 1.4941 loss_imitate: 0.3506 loss_diversity: 5.7175
[1/100][640/1000] D: 1.4304 D_prob: 0.0189 G: 0.9248 D(G(z)): 1.4304 / 0.9248 loss_imitate: 0.2453 loss_diversity: 3.3974
[1/100][680/1000] D: 0.9153 D_prob: 0.0197 G: 1.1740 D(G(z)): 0.9153 / 1.1740 loss_imitate: 0.4041 loss_diversity: 3.8492
[1/100][720/1000] D: 1.2882 D_prob: 0.0157 G: 0.9443 D(G(z)): 1.2882 / 0.9443 loss_imitate: 0.2812 loss_diversity: 3.3159
[1/100][760/1000] D: 1.5312 D_prob: 0.0148 G: 0.9206 D(G(z)): 1.5312 / 0.9206 loss_imitate: 0.2179 loss_diversity: 3.5135
[1/100][800/1000] D: 1.8376 D_prob: 0.0077 G: 0.6688 D(G(z)): 1.8376 / 0.6688 loss_imitate: 0.1660 loss_diversity: 2.5136
[1/100][840/1000] D: 1.4470 D_prob: 0.0087 G: 0.8116 D(G(z)): 1.4470 / 0.8116 loss_imitate: 0.2506 loss_diversity: 2.8054
[1/100][880/1000] D: 1.4068 D_prob: 0.0120 G: 0.6552 D(G(z)): 1.4068 / 0.6552 loss_imitate: 0.2521 loss_diversity: 2.0156
[1/100][920/1000] D: 1.5507 D_prob: 0.0166 G: 0.6856 D(G(z)): 1.5507 / 0.6856 loss_imitate: 0.2194 loss_diversity: 2.3312
[1/100][960/1000] D: 1.5654 D_prob: 0.0123 G: 0.7939 D(G(z)): 1.5654 / 0.7939 loss_imitate: 0.2181 loss_diversity: 2.8794
Attack success rate: 1.40 %
This is the best model
Accuracy of the network on netD: 21.35 %
This is the best model
[2/100][0/1000] D: 1.4051 D_prob: 0.0149 G: 0.8415 D(G(z)): 1.4051 / 0.8415 loss_imitate: 0.2563 loss_diversity: 2.9260
[2/100][40/1000] D: 1.4832 D_prob: 0.0116 G: 0.8131 D(G(z)): 1.4832 / 0.8131 loss_imitate: 0.2328 loss_diversity: 2.9017
[2/100][80/1000] D: 1.4762 D_prob: 0.0089 G: 0.7208 D(G(z)): 1.4762 / 0.7208 loss_imitate: 0.2318 loss_diversity: 2.4449
[2/100][120/1000] D: 1.5407 D_prob: 0.0144 G: 0.7340 D(G(z)): 1.5407 / 0.7340 loss_imitate: 0.2252 loss_diversity: 2.5440
[2/100][160/1000] D: 1.6652 D_prob: 0.0116 G: 0.7906 D(G(z)): 1.6652 / 0.7906 loss_imitate: 0.1989 loss_diversity: 2.9585
[2/100][200/1000] D: 1.4186 D_prob: 0.0122 G: 0.5973 D(G(z)): 1.4186 / 0.5973 loss_imitate: 0.2495 loss_diversity: 1.7393
[2/100][240/1000] D: 1.4749 D_prob: 0.0128 G: 0.5077 D(G(z)): 1.4749 / 0.5077 loss_imitate: 0.2343 loss_diversity: 1.3668
[2/100][280/1000] D: 1.6428 D_prob: 0.0153 G: 0.5246 D(G(z)): 1.6428 / 0.5246 loss_imitate: 0.2072 loss_diversity: 1.5869
[2/100][320/1000] D: 1.5144 D_prob: 0.0126 G: 0.5001 D(G(z)): 1.5144 / 0.5001 loss_imitate: 0.2302 loss_diversity: 1.3492
[2/100][360/1000] D: 1.5960 D_prob: 0.0144 G: 0.4811 D(G(z)): 1.5960 / 0.4811 loss_imitate: 0.2237 loss_diversity: 1.2866
[2/100][400/1000] D: 1.4651 D_prob: 0.0154 G: 0.5389 D(G(z)): 1.4651 / 0.5389 loss_imitate: 0.2677 loss_diversity: 1.3560
[2/100][440/1000] D: 1.3127 D_prob: 0.0137 G: 0.5438 D(G(z)): 1.3127 / 0.5438 loss_imitate: 0.2818 loss_diversity: 1.3105
[2/100][480/1000] D: 1.0345 D_prob: 0.0214 G: 0.6283 D(G(z)): 1.0345 / 0.6283 loss_imitate: 0.3641 loss_diversity: 1.3209
[2/100][520/1000] D: 1.2037 D_prob: 0.0230 G: 0.5601 D(G(z)): 1.2037 / 0.5601 loss_imitate: 0.3108 loss_diversity: 1.2466
[2/100][560/1000] D: 1.6181 D_prob: 0.0213 G: 0.5682 D(G(z)): 1.6181 / 0.5682 loss_imitate: 0.2305 loss_diversity: 1.6885
[2/100][600/1000] D: 1.1394 D_prob: 0.0259 G: 0.6673 D(G(z)): 1.1394 / 0.6673 loss_imitate: 0.3414 loss_diversity: 1.6294
[2/100][640/1000] D: 1.0575 D_prob: 0.0263 G: 0.6861 D(G(z)): 1.0575 / 0.6861 loss_imitate: 0.3674 loss_diversity: 1.5932
[2/100][680/1000] D: 1.4225 D_prob: 0.0184 G: 0.5305 D(G(z)): 1.4225 / 0.5305 loss_imitate: 0.2686 loss_diversity: 1.3095
[2/100][720/1000] D: 1.3260 D_prob: 0.0197 G: 0.5462 D(G(z)): 1.3260 / 0.5462 loss_imitate: 0.2720 loss_diversity: 1.3708
[2/100][760/1000] D: 1.0424 D_prob: 0.0212 G: 0.5982 D(G(z)): 1.0424 / 0.5982 loss_imitate: 0.3563 loss_diversity: 1.2095
[2/100][800/1000] D: 1.0626 D_prob: 0.0223 G: 0.6265 D(G(z)): 1.0626 / 0.6265 loss_imitate: 0.3513 loss_diversity: 1.3764
[2/100][840/1000] D: 1.0849 D_prob: 0.0207 G: 0.6389 D(G(z)): 1.0849 / 0.6389 loss_imitate: 0.3426 loss_diversity: 1.4814
[2/100][880/1000] D: 1.1348 D_prob: 0.0229 G: 0.6622 D(G(z)): 1.1348 / 0.6622 loss_imitate: 0.3280 loss_diversity: 1.6711
[2/100][920/1000] D: 1.2955 D_prob: 0.0189 G: 0.5734 D(G(z)): 1.2955 / 0.5734 loss_imitate: 0.2772 loss_diversity: 1.4807
[2/100][960/1000] D: 1.3223 D_prob: 0.0153 G: 0.4761 D(G(z)): 1.3223 / 0.4761 loss_imitate: 0.2741 loss_diversity: 1.0104
Attack success rate: 1.75 %
This is the best model
Accuracy of the network on netD: 17.70 %
[3/100][0/1000] D: 1.3893 D_prob: 0.0163 G: 0.4546 D(G(z)): 1.3893 / 0.4546 loss_imitate: 0.2679 loss_diversity: 0.9333
[3/100][40/1000] D: 1.2267 D_prob: 0.0190 G: 0.5119 D(G(z)): 1.2267 / 0.5119 loss_imitate: 0.3120 loss_diversity: 0.9997
[3/100][80/1000] D: 1.1192 D_prob: 0.0213 G: 0.5289 D(G(z)): 1.1192 / 0.5289 loss_imitate: 0.3405 loss_diversity: 0.9419
[3/100][120/1000] D: 1.1006 D_prob: 0.0219 G: 0.5499 D(G(z)): 1.1006 / 0.5499 loss_imitate: 0.3567 loss_diversity: 0.9661
[3/100][160/1000] D: 1.0192 D_prob: 0.0225 G: 0.5276 D(G(z)): 1.0192 / 0.5276 loss_imitate: 0.3694 loss_diversity: 0.7906
[3/100][200/1000] D: 1.2005 D_prob: 0.0247 G: 0.5092 D(G(z)): 1.2005 / 0.5092 loss_imitate: 0.3157 loss_diversity: 0.9678
[3/100][240/1000] D: 1.3849 D_prob: 0.0280 G: 0.4481 D(G(z)): 1.3849 / 0.4481 loss_imitate: 0.2650 loss_diversity: 0.9155
[3/100][280/1000] D: 1.0989 D_prob: 0.0245 G: 0.5514 D(G(z)): 1.0989 / 0.5514 loss_imitate: 0.3498 loss_diversity: 1.0081
[3/100][320/1000] D: 1.2964 D_prob: 0.0258 G: 0.4992 D(G(z)): 1.2964 / 0.4992 loss_imitate: 0.2819 loss_diversity: 1.0865
[3/100][360/1000] D: 1.0191 D_prob: 0.0207 G: 0.5414 D(G(z)): 1.0191 / 0.5414 loss_imitate: 0.3674 loss_diversity: 0.8705
[3/100][400/1000] D: 1.1063 D_prob: 0.0235 G: 0.5183 D(G(z)): 1.1063 / 0.5183 loss_imitate: 0.3430 loss_diversity: 0.8765
[3/100][440/1000] D: 1.0910 D_prob: 0.0186 G: 0.5530 D(G(z)): 1.0910 / 0.5530 loss_imitate: 0.3508 loss_diversity: 1.0109
[3/100][480/1000] D: 1.2014 D_prob: 0.0239 G: 0.5465 D(G(z)): 1.2014 / 0.5465 loss_imitate: 0.3269 loss_diversity: 1.0978
[3/100][520/1000] D: 1.1051 D_prob: 0.0249 G: 0.5407 D(G(z)): 1.1051 / 0.5407 loss_imitate: 0.3371 loss_diversity: 1.0181
[3/100][560/1000] D: 1.1316 D_prob: 0.0206 G: 0.5225 D(G(z)): 1.1316 / 0.5225 loss_imitate: 0.3304 loss_diversity: 0.9603
[3/100][600/1000] D: 1.4404 D_prob: 0.0243 G: 0.4390 D(G(z)): 1.4404 / 0.4390 loss_imitate: 0.2511 loss_diversity: 0.9393
[3/100][640/1000] D: 0.9211 D_prob: 0.0263 G: 0.5435 D(G(z)): 0.9211 / 0.5435 loss_imitate: 0.4101 loss_diversity: 0.6669
[3/100][680/1000] D: 0.8421 D_prob: 0.0264 G: 0.5683 D(G(z)): 0.8421 / 0.5683 loss_imitate: 0.4417 loss_diversity: 0.6326
[3/100][720/1000] D: 0.9791 D_prob: 0.0231 G: 0.5305 D(G(z)): 0.9791 / 0.5305 loss_imitate: 0.3938 loss_diversity: 0.6836
[3/100][760/1000] D: 0.8847 D_prob: 0.0307 G: 0.5513 D(G(z)): 0.8847 / 0.5513 loss_imitate: 0.4278 loss_diversity: 0.6172
[3/100][800/1000] D: 0.8728 D_prob: 0.0219 G: 0.5683 D(G(z)): 0.8728 / 0.5683 loss_imitate: 0.4297 loss_diversity: 0.6926
[3/100][840/1000] D: 0.9033 D_prob: 0.0323 G: 0.5443 D(G(z)): 0.9033 / 0.5443 loss_imitate: 0.4290 loss_diversity: 0.5765
[3/100][880/1000] D: 0.9008 D_prob: 0.0314 G: 0.5369 D(G(z)): 0.9008 / 0.5369 loss_imitate: 0.4167 loss_diversity: 0.6011
[3/100][920/1000] D: 0.8632 D_prob: 0.0284 G: 0.5640 D(G(z)): 0.8632 / 0.5640 loss_imitate: 0.4289 loss_diversity: 0.6758
[3/100][960/1000] D: 0.9765 D_prob: 0.0277 G: 0.5303 D(G(z)): 0.9765 / 0.5303 loss_imitate: 0.3984 loss_diversity: 0.6594
Attack success rate: 2.50 %
This is the best model
Accuracy of the network on netD: 25.45 %
This is the best model
[4/100][0/1000] D: 0.9926 D_prob: 0.0291 G: 0.5033 D(G(z)): 0.9926 / 0.5033 loss_imitate: 0.3826 loss_diversity: 0.6036
[4/100][40/1000] D: 1.0372 D_prob: 0.0312 G: 0.4993 D(G(z)): 1.0372 / 0.4993 loss_imitate: 0.3620 loss_diversity: 0.6865
[4/100][80/1000] D: 1.0481 D_prob: 0.0317 G: 0.5236 D(G(z)): 1.0481 / 0.5236 loss_imitate: 0.3734 loss_diversity: 0.7513
[4/100][120/1000] D: 0.8253 D_prob: 0.0332 G: 0.5778 D(G(z)): 0.8253 / 0.5778 loss_imitate: 0.4551 loss_diversity: 0.6135
[4/100][160/1000] D: 0.7851 D_prob: 0.0307 G: 0.5905 D(G(z)): 0.7851 / 0.5905 loss_imitate: 0.4731 loss_diversity: 0.5869
[4/100][200/1000] D: 0.8775 D_prob: 0.0278 G: 0.5517 D(G(z)): 0.8775 / 0.5517 loss_imitate: 0.4246 loss_diversity: 0.6356
[4/100][240/1000] D: 1.0056 D_prob: 0.0321 G: 0.5355 D(G(z)): 1.0056 / 0.5355 loss_imitate: 0.3771 loss_diversity: 0.7922
[4/100][280/1000] D: 0.7688 D_prob: 0.0308 G: 0.5631 D(G(z)): 0.7688 / 0.5631 loss_imitate: 0.4706 loss_diversity: 0.4625
[4/100][320/1000] D: 0.9771 D_prob: 0.0284 G: 0.5342 D(G(z)): 0.9771 / 0.5342 loss_imitate: 0.3967 loss_diversity: 0.6874
[4/100][360/1000] D: 0.9028 D_prob: 0.0287 G: 0.5801 D(G(z)): 0.9028 / 0.5801 loss_imitate: 0.4393 loss_diversity: 0.7039
[4/100][400/1000] D: 0.8871 D_prob: 0.0285 G: 0.5836 D(G(z)): 0.8871 / 0.5836 loss_imitate: 0.4330 loss_diversity: 0.7528
[4/100][440/1000] D: 1.1749 D_prob: 0.0274 G: 0.4978 D(G(z)): 1.1749 / 0.4978 loss_imitate: 0.3370 loss_diversity: 0.8039
[4/100][480/1000] D: 1.0178 D_prob: 0.0239 G: 0.5226 D(G(z)): 1.0178 / 0.5226 loss_imitate: 0.3697 loss_diversity: 0.7643
[4/100][520/1000] D: 0.8887 D_prob: 0.0272 G: 0.5668 D(G(z)): 0.8887 / 0.5668 loss_imitate: 0.4274 loss_diversity: 0.6967
[4/100][560/1000] D: 0.7710 D_prob: 0.0312 G: 0.6070 D(G(z)): 0.7710 / 0.6070 loss_imitate: 0.4716 loss_diversity: 0.6771
[4/100][600/1000] D: 0.9530 D_prob: 0.0283 G: 0.5180 D(G(z)): 0.9530 / 0.5180 loss_imitate: 0.3950 loss_diversity: 0.6148
[4/100][640/1000] D: 0.8232 D_prob: 0.0297 G: 0.5582 D(G(z)): 0.8232 / 0.5582 loss_imitate: 0.4562 loss_diversity: 0.5102
[4/100][680/1000] D: 0.7035 D_prob: 0.0331 G: 0.6018 D(G(z)): 0.7035 / 0.6018 loss_imitate: 0.5032 loss_diversity: 0.4928
[4/100][720/1000] D: 1.1219 D_prob: 0.0296 G: 0.4628 D(G(z)): 1.1219 / 0.4628 loss_imitate: 0.3357 loss_diversity: 0.6354
[4/100][760/1000] D: 0.6396 D_prob: 0.0285 G: 0.6203 D(G(z)): 0.6396 / 0.6203 loss_imitate: 0.5451 loss_diversity: 0.3760
[4/100][800/1000] D: 0.8372 D_prob: 0.0291 G: 0.5762 D(G(z)): 0.8372 / 0.5762 loss_imitate: 0.4445 loss_diversity: 0.6584
[4/100][840/1000] D: 0.9390 D_prob: 0.0298 G: 0.5270 D(G(z)): 0.9390 / 0.5270 loss_imitate: 0.4109 loss_diversity: 0.5802
[4/100][880/1000] D: 0.7766 D_prob: 0.0300 G: 0.5626 D(G(z)): 0.7766 / 0.5626 loss_imitate: 0.4643 loss_diversity: 0.4913
[4/100][920/1000] D: 0.8910 D_prob: 0.0257 G: 0.5647 D(G(z)): 0.8910 / 0.5647 loss_imitate: 0.4223 loss_diversity: 0.7117
[4/100][960/1000] D: 1.1310 D_prob: 0.0263 G: 0.4828 D(G(z)): 1.1310 / 0.4828 loss_imitate: 0.3463 loss_diversity: 0.6824
Attack success rate: 3.30 %
This is the best model
Accuracy of the network on netD: 34.40 %
This is the best model
[5/100][0/1000] D: 0.7652 D_prob: 0.0249 G: 0.6411 D(G(z)): 0.7652 / 0.6411 loss_imitate: 0.4823 loss_diversity: 0.7944
[5/100][40/1000] D: 0.6923 D_prob: 0.0312 G: 0.6700 D(G(z)): 0.6923 / 0.6700 loss_imitate: 0.5161 loss_diversity: 0.7695
[5/100][80/1000] D: 0.8101 D_prob: 0.0332 G: 0.5706 D(G(z)): 0.8101 / 0.5706 loss_imitate: 0.4591 loss_diversity: 0.5576
[5/100][120/1000] D: 1.0307 D_prob: 0.0231 G: 0.5330 D(G(z)): 1.0307 / 0.5330 loss_imitate: 0.3773 loss_diversity: 0.7787
[5/100][160/1000] D: 1.0739 D_prob: 0.0244 G: 0.4927 D(G(z)): 1.0739 / 0.4927 loss_imitate: 0.3599 loss_diversity: 0.6642
[5/100][200/1000] D: 0.9027 D_prob: 0.0265 G: 0.5528 D(G(z)): 0.9027 / 0.5528 loss_imitate: 0.4178 loss_diversity: 0.6750
[5/100][240/1000] D: 1.1095 D_prob: 0.0263 G: 0.4760 D(G(z)): 1.1095 / 0.4760 loss_imitate: 0.3411 loss_diversity: 0.6743
[5/100][280/1000] D: 0.7932 D_prob: 0.0260 G: 0.5843 D(G(z)): 0.7932 / 0.5843 loss_imitate: 0.4647 loss_diversity: 0.5981
[5/100][320/1000] D: 1.1515 D_prob: 0.0283 G: 0.4918 D(G(z)): 1.1515 / 0.4918 loss_imitate: 0.3354 loss_diversity: 0.7819
[5/100][360/1000] D: 1.0682 D_prob: 0.0221 G: 0.5292 D(G(z)): 1.0682 / 0.5292 loss_imitate: 0.3631 loss_diversity: 0.8303
[5/100][400/1000] D: 0.9716 D_prob: 0.0204 G: 0.5656 D(G(z)): 0.9716 / 0.5656 loss_imitate: 0.3918 loss_diversity: 0.8689
[5/100][440/1000] D: 0.9821 D_prob: 0.0263 G: 0.5464 D(G(z)): 0.9821 / 0.5464 loss_imitate: 0.3842 loss_diversity: 0.8108
[5/100][480/1000] D: 0.8758 D_prob: 0.0204 G: 0.5922 D(G(z)): 0.8758 / 0.5922 loss_imitate: 0.4380 loss_diversity: 0.7709
[5/100][520/1000] D: 1.1379 D_prob: 0.0237 G: 0.4769 D(G(z)): 1.1379 / 0.4769 loss_imitate: 0.3379 loss_diversity: 0.6947
[5/100][560/1000] D: 0.9642 D_prob: 0.0264 G: 0.5254 D(G(z)): 0.9642 / 0.5254 loss_imitate: 0.3911 loss_diversity: 0.6711
[5/100][600/1000] D: 1.1971 D_prob: 0.0277 G: 0.4737 D(G(z)): 1.1971 / 0.4737 loss_imitate: 0.3294 loss_diversity: 0.7215
[5/100][640/1000] D: 0.8079 D_prob: 0.0234 G: 0.5688 D(G(z)): 0.8079 / 0.5688 loss_imitate: 0.4567 loss_diversity: 0.5604
[5/100][680/1000] D: 1.1093 D_prob: 0.0255 G: 0.4699 D(G(z)): 1.1093 / 0.4699 loss_imitate: 0.3421 loss_diversity: 0.6394
[5/100][720/1000] D: 1.0404 D_prob: 0.0310 G: 0.4966 D(G(z)): 1.0404 / 0.4966 loss_imitate: 0.3609 loss_diversity: 0.6783
[5/100][760/1000] D: 1.1058 D_prob: 0.0250 G: 0.5084 D(G(z)): 1.1058 / 0.5084 loss_imitate: 0.3459 loss_diversity: 0.8127
[5/100][800/1000] D: 1.3007 D_prob: 0.0218 G: 0.4698 D(G(z)): 1.3007 / 0.4698 loss_imitate: 0.2915 loss_diversity: 0.8913
[5/100][840/1000] D: 0.8483 D_prob: 0.0231 G: 0.5444 D(G(z)): 0.8483 / 0.5444 loss_imitate: 0.4372 loss_diversity: 0.5361
[5/100][880/1000] D: 0.8354 D_prob: 0.0223 G: 0.5767 D(G(z)): 0.8354 / 0.5767 loss_imitate: 0.4440 loss_diversity: 0.6637
[5/100][920/1000] D: 1.2876 D_prob: 0.0193 G: 0.4676 D(G(z)): 1.2876 / 0.4676 loss_imitate: 0.2959 loss_diversity: 0.8587
[5/100][960/1000] D: 1.2119 D_prob: 0.0243 G: 0.5168 D(G(z)): 1.2119 / 0.5168 loss_imitate: 0.3262 loss_diversity: 0.9530
Attack success rate: 4.60 %
This is the best model
Accuracy of the network on netD: 34.60 %
This is the best model
[6/100][0/1000] D: 0.8901 D_prob: 0.0245 G: 0.5528 D(G(z)): 0.8901 / 0.5528 loss_imitate: 0.4238 loss_diversity: 0.6448
[6/100][40/1000] D: 0.9712 D_prob: 0.0201 G: 0.5571 D(G(z)): 0.9712 / 0.5571 loss_imitate: 0.3984 loss_diversity: 0.7938
[6/100][80/1000] D: 0.8481 D_prob: 0.0215 G: 0.5515 D(G(z)): 0.8481 / 0.5515 loss_imitate: 0.4365 loss_diversity: 0.5750
[6/100][120/1000] D: 0.7332 D_prob: 0.0227 G: 0.5998 D(G(z)): 0.7332 / 0.5998 loss_imitate: 0.4991 loss_diversity: 0.5033
[6/100][160/1000] D: 1.2009 D_prob: 0.0200 G: 0.5198 D(G(z)): 1.2009 / 0.5198 loss_imitate: 0.3355 loss_diversity: 0.9215
[6/100][200/1000] D: 1.0826 D_prob: 0.0199 G: 0.5018 D(G(z)): 1.0826 / 0.5018 loss_imitate: 0.3510 loss_diversity: 0.7541
[6/100][240/1000] D: 0.8820 D_prob: 0.0249 G: 0.5441 D(G(z)): 0.8820 / 0.5441 loss_imitate: 0.4346 loss_diversity: 0.5478
[6/100][280/1000] D: 0.6391 D_prob: 0.0255 G: 0.6658 D(G(z)): 0.6391 / 0.6658 loss_imitate: 0.5373 loss_diversity: 0.6423
[6/100][320/1000] D: 0.7050 D_prob: 0.0271 G: 0.6251 D(G(z)): 0.7050 / 0.6251 loss_imitate: 0.5093 loss_diversity: 0.5792
[6/100][360/1000] D: 0.6959 D_prob: 0.0311 G: 0.6384 D(G(z)): 0.6959 / 0.6384 loss_imitate: 0.5074 loss_diversity: 0.6545
[6/100][400/1000] D: 0.7594 D_prob: 0.0261 G: 0.5858 D(G(z)): 0.7594 / 0.5858 loss_imitate: 0.4827 loss_diversity: 0.5157
[6/100][440/1000] D: 0.9898 D_prob: 0.0240 G: 0.5340 D(G(z)): 0.9898 / 0.5340 loss_imitate: 0.4065 loss_diversity: 0.6374
[6/100][480/1000] D: 0.6434 D_prob: 0.0224 G: 0.6738 D(G(z)): 0.6434 / 0.6738 loss_imitate: 0.5510 loss_diversity: 0.6143
[6/100][520/1000] D: 1.0439 D_prob: 0.0253 G: 0.5018 D(G(z)): 1.0439 / 0.5018 loss_imitate: 0.3616 loss_diversity: 0.7010
[6/100][560/1000] D: 0.8927 D_prob: 0.0314 G: 0.5587 D(G(z)): 0.8927 / 0.5587 loss_imitate: 0.4448 loss_diversity: 0.5693
[6/100][600/1000] D: 1.1876 D_prob: 0.0325 G: 0.4572 D(G(z)): 1.1876 / 0.4572 loss_imitate: 0.3391 loss_diversity: 0.5906
[6/100][640/1000] D: 0.5787 D_prob: 0.0273 G: 0.6776 D(G(z)): 0.5787 / 0.6776 loss_imitate: 0.5791 loss_diversity: 0.4922
[6/100][680/1000] D: 0.8720 D_prob: 0.0306 G: 0.5431 D(G(z)): 0.8720 / 0.5431 loss_imitate: 0.4421 loss_diversity: 0.5049
[6/100][720/1000] D: 0.8403 D_prob: 0.0244 G: 0.5660 D(G(z)): 0.8403 / 0.5660 loss_imitate: 0.4702 loss_diversity: 0.4788
[6/100][760/1000] D: 0.7255 D_prob: 0.0264 G: 0.6408 D(G(z)): 0.7255 / 0.6408 loss_imitate: 0.4961 loss_diversity: 0.7236
[6/100][800/1000] D: 0.9645 D_prob: 0.0262 G: 0.4947 D(G(z)): 0.9645 / 0.4947 loss_imitate: 0.3869 loss_diversity: 0.5389
[6/100][840/1000] D: 1.1732 D_prob: 0.0245 G: 0.4467 D(G(z)): 1.1732 / 0.4467 loss_imitate: 0.3308 loss_diversity: 0.5796
[6/100][880/1000] D: 0.7309 D_prob: 0.0289 G: 0.5997 D(G(z)): 0.7309 / 0.5997 loss_imitate: 0.5156 loss_diversity: 0.4206
[6/100][920/1000] D: 0.6855 D_prob: 0.0257 G: 0.6067 D(G(z)): 0.6855 / 0.6067 loss_imitate: 0.5169 loss_diversity: 0.4492
[6/100][960/1000] D: 0.8077 D_prob: 0.0345 G: 0.5864 D(G(z)): 0.8077 / 0.5864 loss_imitate: 0.4566 loss_diversity: 0.6491
Attack success rate: 4.70 %
This is the best model
Accuracy of the network on netD: 31.90 %
[7/100][0/1000] D: 0.8509 D_prob: 0.0303 G: 0.5684 D(G(z)): 0.8509 / 0.5684 loss_imitate: 0.4392 loss_diversity: 0.6457
[7/100][40/1000] D: 0.8987 D_prob: 0.0226 G: 0.5711 D(G(z)): 0.8987 / 0.5711 loss_imitate: 0.4346 loss_diversity: 0.6822
[7/100][80/1000] D: 0.6144 D_prob: 0.0302 G: 0.6422 D(G(z)): 0.6144 / 0.6422 loss_imitate: 0.5441 loss_diversity: 0.4903
[7/100][120/1000] D: 0.9472 D_prob: 0.0237 G: 0.5649 D(G(z)): 0.9472 / 0.5649 loss_imitate: 0.4013 loss_diversity: 0.8179
[7/100][160/1000] D: 0.9202 D_prob: 0.0267 G: 0.5452 D(G(z)): 0.9202 / 0.5452 loss_imitate: 0.4094 loss_diversity: 0.6794
[7/100][200/1000] D: 0.6762 D_prob: 0.0309 G: 0.6168 D(G(z)): 0.6762 / 0.6168 loss_imitate: 0.5162 loss_diversity: 0.5029
[7/100][240/1000] D: 0.5813 D_prob: 0.0329 G: 0.6648 D(G(z)): 0.5813 / 0.6648 loss_imitate: 0.5637 loss_diversity: 0.5051
[7/100][280/1000] D: 0.7701 D_prob: 0.0311 G: 0.5712 D(G(z)): 0.7701 / 0.5712 loss_imitate: 0.4766 loss_diversity: 0.4730
[7/100][320/1000] D: 0.7477 D_prob: 0.0372 G: 0.5868 D(G(z)): 0.7477 / 0.5868 loss_imitate: 0.4946 loss_diversity: 0.4607
[7/100][360/1000] D: 0.6419 D_prob: 0.0329 G: 0.6302 D(G(z)): 0.6419 / 0.6302 loss_imitate: 0.5519 loss_diversity: 0.3913
[7/100][400/1000] D: 0.7363 D_prob: 0.0321 G: 0.5998 D(G(z)): 0.7363 / 0.5998 loss_imitate: 0.4872 loss_diversity: 0.5631
[7/100][440/1000] D: 0.6484 D_prob: 0.0312 G: 0.6514 D(G(z)): 0.6484 / 0.6514 loss_imitate: 0.5303 loss_diversity: 0.6056
[7/100][480/1000] D: 0.6316 D_prob: 0.0329 G: 0.6700 D(G(z)): 0.6316 / 0.6700 loss_imitate: 0.5457 loss_diversity: 0.6216
[7/100][520/1000] D: 0.8550 D_prob: 0.0297 G: 0.5494 D(G(z)): 0.8550 / 0.5494 loss_imitate: 0.4415 loss_diversity: 0.5397
[7/100][560/1000] D: 0.8103 D_prob: 0.0257 G: 0.5755 D(G(z)): 0.8103 / 0.5755 loss_imitate: 0.4683 loss_diversity: 0.5357
[7/100][600/1000] D: 1.1605 D_prob: 0.0245 G: 0.4945 D(G(z)): 1.1605 / 0.4945 loss_imitate: 0.3405 loss_diversity: 0.7698
[7/100][640/1000] D: 0.9132 D_prob: 0.0245 G: 0.5663 D(G(z)): 0.9132 / 0.5663 loss_imitate: 0.4190 loss_diversity: 0.7367
[7/100][680/1000] D: 0.8772 D_prob: 0.0228 G: 0.5474 D(G(z)): 0.8772 / 0.5474 loss_imitate: 0.4346 loss_diversity: 0.5643
[7/100][720/1000] D: 1.0573 D_prob: 0.0237 G: 0.5202 D(G(z)): 1.0573 / 0.5202 loss_imitate: 0.3772 loss_diversity: 0.7152
[7/100][760/1000] D: 0.9208 D_prob: 0.0251 G: 0.5462 D(G(z)): 0.9208 / 0.5462 loss_imitate: 0.4343 loss_diversity: 0.5593
[7/100][800/1000] D: 0.8937 D_prob: 0.0247 G: 0.5079 D(G(z)): 0.8937 / 0.5079 loss_imitate: 0.4266 loss_diversity: 0.4063
[7/100][840/1000] D: 1.2262 D_prob: 0.0246 G: 0.4615 D(G(z)): 1.2262 / 0.4615 loss_imitate: 0.3231 loss_diversity: 0.6924
[7/100][880/1000] D: 0.8905 D_prob: 0.0253 G: 0.5627 D(G(z)): 0.8905 / 0.5627 loss_imitate: 0.4342 loss_diversity: 0.6425
[7/100][920/1000] D: 0.6731 D_prob: 0.0286 G: 0.6372 D(G(z)): 0.6731 / 0.6372 loss_imitate: 0.5226 loss_diversity: 0.5729
[7/100][960/1000] D: 0.7524 D_prob: 0.0318 G: 0.5833 D(G(z)): 0.7524 / 0.5833 loss_imitate: 0.4825 loss_diversity: 0.5040
Attack success rate: 4.20 %
Accuracy of the network on netD: 29.00 %
[8/100][0/1000] D: 0.6617 D_prob: 0.0293 G: 0.6316 D(G(z)): 0.6617 / 0.6316 loss_imitate: 0.5385 loss_diversity: 0.4655
[8/100][40/1000] D: 0.5578 D_prob: 0.0255 G: 0.7035 D(G(z)): 0.5578 / 0.7035 loss_imitate: 0.6109 loss_diversity: 0.4630
[8/100][80/1000] D: 0.7031 D_prob: 0.0284 G: 0.6200 D(G(z)): 0.7031 / 0.6200 loss_imitate: 0.5141 loss_diversity: 0.5292
[8/100][120/1000] D: 0.8477 D_prob: 0.0266 G: 0.5409 D(G(z)): 0.8477 / 0.5409 loss_imitate: 0.4535 loss_diversity: 0.4373
[8/100][160/1000] D: 0.7686 D_prob: 0.0271 G: 0.5764 D(G(z)): 0.7686 / 0.5764 loss_imitate: 0.4864 loss_diversity: 0.4501
[8/100][200/1000] D: 0.5649 D_prob: 0.0310 G: 0.6394 D(G(z)): 0.5649 / 0.6394 loss_imitate: 0.5712 loss_diversity: 0.3412
[8/100][240/1000] D: 0.8332 D_prob: 0.0337 G: 0.5521 D(G(z)): 0.8332 / 0.5521 loss_imitate: 0.4668 loss_diversity: 0.4265
[8/100][280/1000] D: 0.7024 D_prob: 0.0368 G: 0.6260 D(G(z)): 0.7024 / 0.6260 loss_imitate: 0.5218 loss_diversity: 0.5209
[8/100][320/1000] D: 0.5882 D_prob: 0.0347 G: 0.6509 D(G(z)): 0.5882 / 0.6509 loss_imitate: 0.5722 loss_diversity: 0.3937
[8/100][360/1000] D: 0.7138 D_prob: 0.0326 G: 0.5996 D(G(z)): 0.7138 / 0.5996 loss_imitate: 0.5003 loss_diversity: 0.4968
[8/100][400/1000] D: 0.9123 D_prob: 0.0271 G: 0.5176 D(G(z)): 0.9123 / 0.5176 loss_imitate: 0.4188 loss_diversity: 0.4940
[8/100][440/1000] D: 0.6625 D_prob: 0.0293 G: 0.6246 D(G(z)): 0.6625 / 0.6246 loss_imitate: 0.5284 loss_diversity: 0.4807
[8/100][480/1000] D: 1.0199 D_prob: 0.0267 G: 0.5110 D(G(z)): 1.0199 / 0.5110 loss_imitate: 0.3780 loss_diversity: 0.6649
[8/100][520/1000] D: 0.8789 D_prob: 0.0265 G: 0.5877 D(G(z)): 0.8789 / 0.5877 loss_imitate: 0.4396 loss_diversity: 0.7403
[8/100][560/1000] D: 0.9909 D_prob: 0.0289 G: 0.5299 D(G(z)): 0.9909 / 0.5299 loss_imitate: 0.4026 loss_diversity: 0.6368
[8/100][600/1000] D: 0.9489 D_prob: 0.0257 G: 0.5270 D(G(z)): 0.9489 / 0.5270 loss_imitate: 0.4031 loss_diversity: 0.6193
[8/100][640/1000] D: 1.0130 D_prob: 0.0227 G: 0.5257 D(G(z)): 1.0130 / 0.5257 loss_imitate: 0.3770 loss_diversity: 0.7435
[8/100][680/1000] D: 0.9215 D_prob: 0.0243 G: 0.5567 D(G(z)): 0.9215 / 0.5567 loss_imitate: 0.4084 loss_diversity: 0.7415
[8/100][720/1000] D: 1.1358 D_prob: 0.0185 G: 0.5046 D(G(z)): 1.1358 / 0.5046 loss_imitate: 0.3311 loss_diversity: 0.8675
[8/100][760/1000] D: 0.9446 D_prob: 0.0195 G: 0.5424 D(G(z)): 0.9446 / 0.5424 loss_imitate: 0.3927 loss_diversity: 0.7486
[8/100][800/1000] D: 0.7493 D_prob: 0.0217 G: 0.6055 D(G(z)): 0.7493 / 0.6055 loss_imitate: 0.4855 loss_diversity: 0.5999
[8/100][840/1000] D: 0.6877 D_prob: 0.0250 G: 0.6631 D(G(z)): 0.6877 / 0.6631 loss_imitate: 0.5316 loss_diversity: 0.6576
[8/100][880/1000] D: 0.7807 D_prob: 0.0280 G: 0.5705 D(G(z)): 0.7807 / 0.5705 loss_imitate: 0.4726 loss_diversity: 0.4896
[8/100][920/1000] D: 0.7461 D_prob: 0.0309 G: 0.5896 D(G(z)): 0.7461 / 0.5896 loss_imitate: 0.4801 loss_diversity: 0.5471
[8/100][960/1000] D: 0.7317 D_prob: 0.0318 G: 0.6141 D(G(z)): 0.7317 / 0.6141 loss_imitate: 0.5273 loss_diversity: 0.4339
Attack success rate: 3.65 %
Accuracy of the network on netD: 43.90 %
This is the best model
[9/100][0/1000] D: 0.6483 D_prob: 0.0331 G: 0.6373 D(G(z)): 0.6483 / 0.6373 loss_imitate: 0.5656 loss_diversity: 0.3585
[9/100][40/1000] D: 0.6017 D_prob: 0.0304 G: 0.6920 D(G(z)): 0.6017 / 0.6920 loss_imitate: 0.5615 loss_diversity: 0.6528
[9/100][80/1000] D: 0.5034 D_prob: 0.0301 G: 0.6788 D(G(z)): 0.5034 / 0.6788 loss_imitate: 0.6102 loss_diversity: 0.3430
[9/100][120/1000] D: 0.5806 D_prob: 0.0296 G: 0.6935 D(G(z)): 0.5806 / 0.6935 loss_imitate: 0.5978 loss_diversity: 0.4785
[9/100][160/1000] D: 0.5680 D_prob: 0.0311 G: 0.6986 D(G(z)): 0.5680 / 0.6986 loss_imitate: 0.5985 loss_diversity: 0.5006
[9/100][200/1000] D: 0.6906 D_prob: 0.0328 G: 0.6344 D(G(z)): 0.6906 / 0.6344 loss_imitate: 0.5264 loss_diversity: 0.5400
[9/100][240/1000] D: 0.5732 D_prob: 0.0283 G: 0.6674 D(G(z)): 0.5732 / 0.6674 loss_imitate: 0.5859 loss_diversity: 0.4076
[9/100][280/1000] D: 0.4731 D_prob: 0.0256 G: 0.7066 D(G(z)): 0.4731 / 0.7066 loss_imitate: 0.6492 loss_diversity: 0.2870
[9/100][320/1000] D: 0.6539 D_prob: 0.0285 G: 0.6422 D(G(z)): 0.6539 / 0.6422 loss_imitate: 0.5391 loss_diversity: 0.5156
[9/100][360/1000] D: 0.7051 D_prob: 0.0242 G: 0.6405 D(G(z)): 0.7051 / 0.6405 loss_imitate: 0.5099 loss_diversity: 0.6534
[9/100][400/1000] D: 0.7589 D_prob: 0.0255 G: 0.6051 D(G(z)): 0.7589 / 0.6051 loss_imitate: 0.4859 loss_diversity: 0.5958
[9/100][440/1000] D: 0.6931 D_prob: 0.0266 G: 0.6158 D(G(z)): 0.6931 / 0.6158 loss_imitate: 0.5109 loss_diversity: 0.5244
[9/100][480/1000] D: 0.9600 D_prob: 0.0306 G: 0.5472 D(G(z)): 0.9600 / 0.5472 loss_imitate: 0.4103 loss_diversity: 0.6843
[9/100][520/1000] D: 0.6187 D_prob: 0.0283 G: 0.6359 D(G(z)): 0.6187 / 0.6359 loss_imitate: 0.5504 loss_diversity: 0.4277
[9/100][560/1000] D: 0.6868 D_prob: 0.0286 G: 0.6097 D(G(z)): 0.6868 / 0.6097 loss_imitate: 0.5234 loss_diversity: 0.4319
[9/100][600/1000] D: 0.9858 D_prob: 0.0265 G: 0.5090 D(G(z)): 0.9858 / 0.5090 loss_imitate: 0.3963 loss_diversity: 0.5636
[9/100][640/1000] D: 0.7458 D_prob: 0.0240 G: 0.5925 D(G(z)): 0.7458 / 0.5925 loss_imitate: 0.4974 loss_diversity: 0.4755
[9/100][680/1000] D: 0.8042 D_prob: 0.0274 G: 0.5910 D(G(z)): 0.8042 / 0.5910 loss_imitate: 0.4639 loss_diversity: 0.6355
[9/100][720/1000] D: 0.8954 D_prob: 0.0280 G: 0.5402 D(G(z)): 0.8954 / 0.5402 loss_imitate: 0.4259 loss_diversity: 0.5717
[9/100][760/1000] D: 0.7555 D_prob: 0.0221 G: 0.5902 D(G(z)): 0.7555 / 0.5902 loss_imitate: 0.4815 loss_diversity: 0.5436
[9/100][800/1000] D: 0.8495 D_prob: 0.0316 G: 0.5291 D(G(z)): 0.8495 / 0.5291 loss_imitate: 0.4415 loss_diversity: 0.4379
[9/100][840/1000] D: 0.5883 D_prob: 0.0301 G: 0.6601 D(G(z)): 0.5883 / 0.6601 loss_imitate: 0.5724 loss_diversity: 0.4386
[9/100][880/1000] D: 0.5838 D_prob: 0.0274 G: 0.6547 D(G(z)): 0.5838 / 0.6547 loss_imitate: 0.5687 loss_diversity: 0.4299
[9/100][920/1000] D: 0.5466 D_prob: 0.0287 G: 0.6840 D(G(z)): 0.5466 / 0.6840 loss_imitate: 0.5853 loss_diversity: 0.4937
[9/100][960/1000] D: 0.7252 D_prob: 0.0283 G: 0.6057 D(G(z)): 0.7252 / 0.6057 loss_imitate: 0.4972 loss_diversity: 0.5425
Attack success rate: 4.85 %
This is the best model
Accuracy of the network on netD: 39.90 %
[10/100][0/1000] D: 0.7929 D_prob: 0.0255 G: 0.6217 D(G(z)): 0.7929 / 0.6217 loss_imitate: 0.4724 loss_diversity: 0.7464
